Analysis & Synthesis report for CircuitoBase
Sat Apr  8 01:04:16 2017
Quartus Prime Version 15.1.0 Build 185 10/21/2015 SJ Lite Edition


---------------------
; Table of Contents ;
---------------------
  1. Legal Notice
  2. Analysis & Synthesis Summary
  3. Analysis & Synthesis Settings
  4. Parallel Compilation
  5. Analysis & Synthesis Messages



----------------
; Legal Notice ;
----------------
Copyright (C) 1991-2015 Altera Corporation. All rights reserved.
Your use of Altera Corporation's design tools, logic functions 
and other software and tools, and its AMPP partner logic 
functions, and any output files from any of the foregoing 
(including device programming or simulation files), and any 
associated documentation or information are expressly subject 
to the terms and conditions of the Altera Program License 
Subscription Agreement, the Altera Quartus Prime License Agreement,
the Altera MegaCore Function License Agreement, or other 
applicable license agreement, including, without limitation, 
that your use is for the sole purpose of programming logic 
devices manufactured by Altera and sold by Altera or its 
authorized distributors.  Please refer to the applicable 
agreement for further details.



+---------------------------------------------------------------------------+
; Analysis & Synthesis Summary                                              ;
+-----------------------------+---------------------------------------------+
; Analysis & Synthesis Status ; Failed - Sat Apr  8 01:04:16 2017           ;
; Quartus Prime Version       ; 15.1.0 Build 185 10/21/2015 SJ Lite Edition ;
; Revision Name               ; CircuitoBase                                ;
; Top-level Entity Name       ; CircuitoBase                                ;
; Family                      ; Cyclone V                                   ;
; Logic utilization (in ALMs) ; N/A until Partition Merge                   ;
; Total registers             ; N/A until Partition Merge                   ;
; Total pins                  ; N/A until Partition Merge                   ;
; Total virtual pins          ; N/A until Partition Merge                   ;
; Total block memory bits     ; N/A until Partition Merge                   ;
; Total PLLs                  ; N/A until Partition Merge                   ;
; Total DLLs                  ; N/A until Partition Merge                   ;
+-----------------------------+---------------------------------------------+


+---------------------------------------------------------------------------------------------------------------------------+
; Analysis & Synthesis Settings                                                                                             ;
+---------------------------------------------------------------------------------+--------------------+--------------------+
; Option                                                                          ; Setting            ; Default Value      ;
+---------------------------------------------------------------------------------+--------------------+--------------------+
; Device                                                                          ; 5CGXFC7C7F23C8     ;                    ;
; Top-level entity name                                                           ; CircuitoBase       ; CircuitoBase       ;
; Family name                                                                     ; Cyclone V          ; Cyclone V          ;
; Use smart compilation                                                           ; Off                ; Off                ;
; Enable parallel Assembler and TimeQuest Timing Analyzer during compilation      ; On                 ; On                 ;
; Enable compact report table                                                     ; Off                ; Off                ;
; Restructure Multiplexers                                                        ; Auto               ; Auto               ;
; MLAB Add Timing Constraints For Mixed-Port Feed-Through Mode Setting Don't Care ; Off                ; Off                ;
; Create Debugging Nodes for IP Cores                                             ; Off                ; Off                ;
; Preserve fewer node names                                                       ; On                 ; On                 ;
; Disable OpenCore Plus hardware evaluation                                       ; Off                ; Off                ;
; Verilog Version                                                                 ; Verilog_2001       ; Verilog_2001       ;
; VHDL Version                                                                    ; VHDL_1993          ; VHDL_1993          ;
; State Machine Processing                                                        ; Auto               ; Auto               ;
; Safe State Machine                                                              ; Off                ; Off                ;
; Extract Verilog State Machines                                                  ; On                 ; On                 ;
; Extract VHDL State Machines                                                     ; On                 ; On                 ;
; Ignore Verilog initial constructs                                               ; Off                ; Off                ;
; Iteration limit for constant Verilog loops                                      ; 5000               ; 5000               ;
; Iteration limit for non-constant Verilog loops                                  ; 250                ; 250                ;
; Add Pass-Through Logic to Inferred RAMs                                         ; On                 ; On                 ;
; Infer RAMs from Raw Logic                                                       ; On                 ; On                 ;
; Parallel Synthesis                                                              ; On                 ; On                 ;
; DSP Block Balancing                                                             ; Auto               ; Auto               ;
; NOT Gate Push-Back                                                              ; On                 ; On                 ;
; Power-Up Don't Care                                                             ; On                 ; On                 ;
; Remove Redundant Logic Cells                                                    ; Off                ; Off                ;
; Remove Duplicate Registers                                                      ; On                 ; On                 ;
; Ignore CARRY Buffers                                                            ; Off                ; Off                ;
; Ignore CASCADE Buffers                                                          ; Off                ; Off                ;
; Ignore GLOBAL Buffers                                                           ; Off                ; Off                ;
; Ignore ROW GLOBAL Buffers                                                       ; Off                ; Off                ;
; Ignore LCELL Buffers                                                            ; Off                ; Off                ;
; Ignore SOFT Buffers                                                             ; On                 ; On                 ;
; Limit AHDL Integers to 32 Bits                                                  ; Off                ; Off                ;
; Optimization Technique                                                          ; Balanced           ; Balanced           ;
; Carry Chain Length                                                              ; 70                 ; 70                 ;
; Auto Carry Chains                                                               ; On                 ; On                 ;
; Auto Open-Drain Pins                                                            ; On                 ; On                 ;
; Perform WYSIWYG Primitive Resynthesis                                           ; Off                ; Off                ;
; Auto ROM Replacement                                                            ; On                 ; On                 ;
; Auto RAM Replacement                                                            ; On                 ; On                 ;
; Auto DSP Block Replacement                                                      ; On                 ; On                 ;
; Auto Shift Register Replacement                                                 ; Auto               ; Auto               ;
; Allow Shift Register Merging across Hierarchies                                 ; Auto               ; Auto               ;
; Auto Clock Enable Replacement                                                   ; On                 ; On                 ;
; Strict RAM Replacement                                                          ; Off                ; Off                ;
; Allow Synchronous Control Signals                                               ; On                 ; On                 ;
; Force Use of Synchronous Clear Signals                                          ; Off                ; Off                ;
; Auto Resource Sharing                                                           ; Off                ; Off                ;
; Allow Any RAM Size For Recognition                                              ; Off                ; Off                ;
; Allow Any ROM Size For Recognition                                              ; Off                ; Off                ;
; Allow Any Shift Register Size For Recognition                                   ; Off                ; Off                ;
; Use LogicLock Constraints during Resource Balancing                             ; On                 ; On                 ;
; Ignore translate_off and synthesis_off directives                               ; Off                ; Off                ;
; Timing-Driven Synthesis                                                         ; On                 ; On                 ;
; Report Parameter Settings                                                       ; On                 ; On                 ;
; Report Source Assignments                                                       ; On                 ; On                 ;
; Report Connectivity Checks                                                      ; On                 ; On                 ;
; Ignore Maximum Fan-Out Assignments                                              ; Off                ; Off                ;
; Synchronization Register Chain Length                                           ; 3                  ; 3                  ;
; PowerPlay Power Optimization During Synthesis                                   ; Normal compilation ; Normal compilation ;
; HDL message level                                                               ; Level2             ; Level2             ;
; Suppress Register Optimization Related Messages                                 ; Off                ; Off                ;
; Number of Removed Registers Reported in Synthesis Report                        ; 5000               ; 5000               ;
; Number of Swept Nodes Reported in Synthesis Report                              ; 5000               ; 5000               ;
; Number of Inverted Registers Reported in Synthesis Report                       ; 100                ; 100                ;
; Clock MUX Protection                                                            ; On                 ; On                 ;
; Auto Gated Clock Conversion                                                     ; Off                ; Off                ;
; Block Design Naming                                                             ; Auto               ; Auto               ;
; SDC constraint protection                                                       ; Off                ; Off                ;
; Synthesis Effort                                                                ; Auto               ; Auto               ;
; Shift Register Replacement - Allow Asynchronous Clear Signal                    ; On                 ; On                 ;
; Pre-Mapping Resynthesis Optimization                                            ; Off                ; Off                ;
; Analysis & Synthesis Message Level                                              ; Medium             ; Medium             ;
; Disable Register Merging Across Hierarchies                                     ; Auto               ; Auto               ;
; Resource Aware Inference For Block RAM                                          ; On                 ; On                 ;
; Synthesis Seed                                                                  ; 1                  ; 1                  ;
; Automatic Parallel Synthesis                                                    ; On                 ; On                 ;
; Partial Reconfiguration Bitstream ID                                            ; Off                ; Off                ;
+---------------------------------------------------------------------------------+--------------------+--------------------+


Parallel compilation was disabled, but you have multiple processors available. Enable parallel compilation to reduce compilation time.
+-------------------------------------+
; Parallel Compilation                ;
+----------------------------+--------+
; Processors                 ; Number ;
+----------------------------+--------+
; Number detected on machine ; 2      ;
; Maximum allowed            ; 1      ;
+----------------------------+--------+


+-------------------------------+
; Analysis & Synthesis Messages ;
+-------------------------------+
Info: *******************************************************************
Info: Running Quartus Prime Analysis & Synthesis
    Info: Version 15.1.0 Build 185 10/21/2015 SJ Lite Edition
    Info: Processing started: Sat Apr  8 01:03:56 2017
Info: Command: quartus_map --read_settings_files=on --write_settings_files=off CircuitoBase -c CircuitoBase
Warning (20028): Parallel compilation is not licensed and has been disabled
Info (12021): Found 2 design units, including 1 entities, in source file VHDL/Somador4bits_comportamental.vhd
    Info (12022): Found design unit 1: Somador4bits_comportamental-comportamental File: /home/danzambuja/Quartus/Projetos/CircuitoBase/VHDL/Somador4bits_comportamental.vhd Line: 12
    Info (12023): Found entity 1: Somador4bits_comportamental File: /home/danzambuja/Quartus/Projetos/CircuitoBase/VHDL/Somador4bits_comportamental.vhd Line: 5
Info (12021): Found 2 design units, including 1 entities, in source file VHDL/DetectorCodigoInvalido.vhd
    Info (12022): Found design unit 1: DetectorCodigoInvalido-Detector File: /home/danzambuja/Quartus/Projetos/CircuitoBase/VHDL/DetectorCodigoInvalido.vhd Line: 9
    Info (12023): Found entity 1: DetectorCodigoInvalido File: /home/danzambuja/Quartus/Projetos/CircuitoBase/VHDL/DetectorCodigoInvalido.vhd Line: 4
Info (12021): Found 2 design units, including 1 entities, in source file VHDL/SomadorBCD.vhd
    Info (12022): Found design unit 1: SomadorBCD-estrutural File: /home/danzambuja/Quartus/Projetos/CircuitoBase/VHDL/SomadorBCD.vhd Line: 14
    Info (12023): Found entity 1: SomadorBCD File: /home/danzambuja/Quartus/Projetos/CircuitoBase/VHDL/SomadorBCD.vhd Line: 4
Info (12021): Found 2 design units, including 1 entities, in source file VHDL/somadorBCD16_bits.vhd
    Info (12022): Found design unit 1: somadorBCD16_bits-estrutural File: /home/danzambuja/Quartus/Projetos/CircuitoBase/VHDL/somadorBCD16_bits.vhd Line: 16
    Info (12023): Found entity 1: somadorBCD16_bits File: /home/danzambuja/Quartus/Projetos/CircuitoBase/VHDL/somadorBCD16_bits.vhd Line: 4
Info (12021): Found 2 design units, including 1 entities, in source file VHDL/BCDTo32Bit.vhd
    Info (12022): Found design unit 1: BCDTo32Bit-Behavioral File: /home/danzambuja/Quartus/Projetos/CircuitoBase/VHDL/BCDTo32Bit.vhd Line: 18
    Info (12023): Found entity 1: BCDTo32Bit File: /home/danzambuja/Quartus/Projetos/CircuitoBase/VHDL/BCDTo32Bit.vhd Line: 6
Info (12021): Found 2 design units, including 1 entities, in source file VHDL/deMux_4.vhd
    Info (12022): Found design unit 1: deMux_4-behavioral File: /home/danzambuja/Quartus/Projetos/CircuitoBase/VHDL/deMux_4.vhd Line: 12
    Info (12023): Found entity 1: deMux_4 File: /home/danzambuja/Quartus/Projetos/CircuitoBase/VHDL/deMux_4.vhd Line: 4
Info (12021): Found 2 design units, including 1 entities, in source file VHDL/somadorBCD32_bits.vhd
    Info (12022): Found design unit 1: somadorBCD32_bits-estrutural File: /home/danzambuja/Quartus/Projetos/CircuitoBase/VHDL/somadorBCD32_bits.vhd Line: 15
    Info (12023): Found entity 1: somadorBCD32_bits File: /home/danzambuja/Quartus/Projetos/CircuitoBase/VHDL/somadorBCD32_bits.vhd Line: 4
Info (12021): Found 2 design units, including 1 entities, in source file VHDL/controleJogada.vhd
    Info (12022): Found design unit 1: controleJogada-maquinaDeEstados File: /home/danzambuja/Quartus/Projetos/CircuitoBase/VHDL/controleJogada.vhd Line: 14
    Info (12023): Found entity 1: controleJogada File: /home/danzambuja/Quartus/Projetos/CircuitoBase/VHDL/controleJogada.vhd Line: 5
Info (12021): Found 2 design units, including 1 entities, in source file VHDL/dadosMedidas.vhd
    Info (12022): Found design unit 1: dadosMedidas-fluxoDados File: /home/danzambuja/Quartus/Projetos/CircuitoBase/VHDL/dadosMedidas.vhd Line: 14
    Info (12023): Found entity 1: dadosMedidas File: /home/danzambuja/Quartus/Projetos/CircuitoBase/VHDL/dadosMedidas.vhd Line: 4
Info (12021): Found 2 design units, including 1 entities, in source file VHDL/reg16bits_en2.vhd
    Info (12022): Found design unit 1: reg16bits_en2-reg16bits_en2 File: /home/danzambuja/Quartus/Projetos/CircuitoBase/VHDL/reg16bits_en2.vhd Line: 11
    Info (12023): Found entity 1: reg16bits_en2 File: /home/danzambuja/Quartus/Projetos/CircuitoBase/VHDL/reg16bits_en2.vhd Line: 5
Info (12021): Found 2 design units, including 1 entities, in source file VHDL/LFSR.vhd
    Info (12022): Found design unit 1: LFSR-rtl File: /home/danzambuja/Quartus/Projetos/CircuitoBase/VHDL/LFSR.vhd Line: 13
    Info (12023): Found entity 1: LFSR File: /home/danzambuja/Quartus/Projetos/CircuitoBase/VHDL/LFSR.vhd Line: 4
Info (12021): Found 2 design units, including 1 entities, in source file VHDL/bitToBCD.vhd
    Info (12022): Found design unit 1: bitToBCD-behaviour File: /home/danzambuja/Quartus/Projetos/CircuitoBase/VHDL/bitToBCD.vhd Line: 13
    Info (12023): Found entity 1: bitToBCD File: /home/danzambuja/Quartus/Projetos/CircuitoBase/VHDL/bitToBCD.vhd Line: 5
Info (12021): Found 2 design units, including 1 entities, in source file VHDL/comparador.vhd
    Info (12022): Found design unit 1: comparador-arch File: /home/danzambuja/Quartus/Projetos/CircuitoBase/VHDL/comparador.vhd Line: 14
    Info (12023): Found entity 1: comparador File: /home/danzambuja/Quartus/Projetos/CircuitoBase/VHDL/comparador.vhd Line: 5
Info (12021): Found 2 design units, including 1 entities, in source file VHDL/controleAtrasador.vhd
    Info (12022): Found design unit 1: controleAtrasador-maquinaEstados File: /home/danzambuja/Quartus/Projetos/CircuitoBase/VHDL/controleAtrasador.vhd Line: 10
    Info (12023): Found entity 1: controleAtrasador File: /home/danzambuja/Quartus/Projetos/CircuitoBase/VHDL/controleAtrasador.vhd Line: 4
Info (12021): Found 2 design units, including 1 entities, in source file VHDL/Atrasador.vhd
    Info (12022): Found design unit 1: Atrasador-arch File: /home/danzambuja/Quartus/Projetos/CircuitoBase/VHDL/Atrasador.vhd Line: 18
    Info (12023): Found entity 1: Atrasador File: /home/danzambuja/Quartus/Projetos/CircuitoBase/VHDL/Atrasador.vhd Line: 4
Info (12021): Found 2 design units, including 1 entities, in source file VHDL/controleRodada.vhd
    Info (12022): Found design unit 1: controleRodada-Estados File: /home/danzambuja/Quartus/Projetos/CircuitoBase/VHDL/controleRodada.vhd Line: 12
    Info (12023): Found entity 1: controleRodada File: /home/danzambuja/Quartus/Projetos/CircuitoBase/VHDL/controleRodada.vhd Line: 4
Info (12021): Found 2 design units, including 1 entities, in source file VHDL/hex7seg_en.vhd
    Info (12022): Found design unit 1: hex7seg_en-hex7seg_en File: /home/danzambuja/Quartus/Projetos/CircuitoBase/VHDL/hex7seg_en.vhd Line: 12
    Info (12023): Found entity 1: hex7seg_en File: /home/danzambuja/Quartus/Projetos/CircuitoBase/VHDL/hex7seg_en.vhd Line: 4
Info (12021): Found 2 design units, including 1 entities, in source file VHDL/controlador.vhd
    Info (12022): Found design unit 1: controlador-controlador File: /home/danzambuja/Quartus/Projetos/CircuitoBase/VHDL/controlador.vhd Line: 9
    Info (12023): Found entity 1: controlador File: /home/danzambuja/Quartus/Projetos/CircuitoBase/VHDL/controlador.vhd Line: 4
Info (12021): Found 2 design units, including 1 entities, in source file VHDL/reg16bits_en.vhd
    Info (12022): Found design unit 1: reg16bits_en-reg16bits_en File: /home/danzambuja/Quartus/Projetos/CircuitoBase/VHDL/reg16bits_en.vhd Line: 11
    Info (12023): Found entity 1: reg16bits_en File: /home/danzambuja/Quartus/Projetos/CircuitoBase/VHDL/reg16bits_en.vhd Line: 5
Info (12021): Found 2 design units, including 1 entities, in source file VHDL/compare.vhd
    Info (12022): Found design unit 1: compare-Behavioral File: /home/danzambuja/Quartus/Projetos/CircuitoBase/VHDL/compare.vhd Line: 10
    Info (12023): Found entity 1: compare File: /home/danzambuja/Quartus/Projetos/CircuitoBase/VHDL/compare.vhd Line: 5
Info (12021): Found 2 design units, including 1 entities, in source file VHDL/IC_74163.vhd
    Info (12022): Found design unit 1: IC_74163-IC_74163_1 File: /home/danzambuja/Quartus/Projetos/CircuitoBase/VHDL/IC_74163.vhd Line: 11
    Info (12023): Found entity 1: IC_74163 File: /home/danzambuja/Quartus/Projetos/CircuitoBase/VHDL/IC_74163.vhd Line: 5
Info (12021): Found 2 design units, including 1 entities, in source file VHDL/controle.vhd
    Info (12022): Found design unit 1: controle-controle File: /home/danzambuja/Quartus/Projetos/CircuitoBase/VHDL/controle.vhd Line: 10
    Info (12023): Found entity 1: controle File: /home/danzambuja/Quartus/Projetos/CircuitoBase/VHDL/controle.vhd Line: 4
Info (12021): Found 2 design units, including 1 entities, in source file VHDL/Four_Digit_BCD_Counter.vhd
    Info (12022): Found design unit 1: Four_Digit_BCD_Counter-Four_Digit_BCD_Counter_1 File: /home/danzambuja/Quartus/Projetos/CircuitoBase/VHDL/Four_Digit_BCD_Counter.vhd Line: 10
    Info (12023): Found entity 1: Four_Digit_BCD_Counter File: /home/danzambuja/Quartus/Projetos/CircuitoBase/VHDL/Four_Digit_BCD_Counter.vhd Line: 5
Info (12021): Found 2 design units, including 1 entities, in source file VHDL/medidor.vhd
    Info (12022): Found design unit 1: medidor-medidor File: /home/danzambuja/Quartus/Projetos/CircuitoBase/VHDL/medidor.vhd Line: 12
    Info (12023): Found entity 1: medidor File: /home/danzambuja/Quartus/Projetos/CircuitoBase/VHDL/medidor.vhd Line: 5
Info (12021): Found 2 design units, including 1 entities, in source file VHDL/hierarquico.vhd
    Info (12022): Found design unit 1: hierarquico-hierarquica File: /home/danzambuja/Quartus/Projetos/CircuitoBase/VHDL/hierarquico.vhd Line: 16
    Info (12023): Found entity 1: hierarquico File: /home/danzambuja/Quartus/Projetos/CircuitoBase/VHDL/hierarquico.vhd Line: 5
Info (12021): Found 2 design units, including 1 entities, in source file VHDL/BoxRodada.vhd
    Info (12022): Found design unit 1: BoxRodada-arch File: /home/danzambuja/Quartus/Projetos/CircuitoBase/VHDL/BoxRodada.vhd Line: 13
    Info (12023): Found entity 1: BoxRodada File: /home/danzambuja/Quartus/Projetos/CircuitoBase/VHDL/BoxRodada.vhd Line: 4
Info (12021): Found 2 design units, including 1 entities, in source file /home/danzambuja/Quartus/Projetos/Jogo_Reflexo/mux4to1.vhd
    Info (12022): Found design unit 1: mux4to1-behavioral File: /home/danzambuja/Quartus/Projetos/Jogo_Reflexo/mux4to1.vhd Line: 11
    Info (12023): Found entity 1: mux4to1 File: /home/danzambuja/Quartus/Projetos/Jogo_Reflexo/mux4to1.vhd Line: 5
Info (12021): Found 2 design units, including 1 entities, in source file VHDL/Media.vhd
    Info (12022): Found design unit 1: Media-arch File: /home/danzambuja/Quartus/Projetos/CircuitoBase/VHDL/Media.vhd Line: 15
    Info (12023): Found entity 1: Media File: /home/danzambuja/Quartus/Projetos/CircuitoBase/VHDL/Media.vhd Line: 5
Info (12021): Found 2 design units, including 1 entities, in source file VHDL/contador2bits.vhd
    Info (12022): Found design unit 1: contador2bits-arch File: /home/danzambuja/Quartus/Projetos/CircuitoBase/VHDL/contador2bits.vhd Line: 12
    Info (12023): Found entity 1: contador2bits File: /home/danzambuja/Quartus/Projetos/CircuitoBase/VHDL/contador2bits.vhd Line: 4
Info (12021): Found 2 design units, including 1 entities, in source file VHDL/deMux4_1bit.vhd
    Info (12022): Found design unit 1: deMux_4_1bit-behavioral File: /home/danzambuja/Quartus/Projetos/CircuitoBase/VHDL/deMux4_1bit.vhd Line: 12
    Info (12023): Found entity 1: deMux_4_1bit File: /home/danzambuja/Quartus/Projetos/CircuitoBase/VHDL/deMux4_1bit.vhd Line: 4
Info (12021): Found 2 design units, including 1 entities, in source file VHDL/CircuitoBase.vhd
    Info (12022): Found design unit 1: CircuitoBase-estrutural File: /home/danzambuja/Quartus/Projetos/CircuitoBase/VHDL/CircuitoBase.vhd Line: 15
    Info (12023): Found entity 1: CircuitoBase File: /home/danzambuja/Quartus/Projetos/CircuitoBase/VHDL/CircuitoBase.vhd Line: 4
Error (10482): VHDL error at CircuitoBase.vhd(59): object "s_media" is used but not declared File: /home/danzambuja/Quartus/Projetos/CircuitoBase/VHDL/CircuitoBase.vhd Line: 59
Error (10558): VHDL error at CircuitoBase.vhd(59): cannot associate formal port "media" of mode "out" with an expression File: /home/danzambuja/Quartus/Projetos/CircuitoBase/VHDL/CircuitoBase.vhd Line: 59
Error: Quartus Prime Analysis & Synthesis was unsuccessful. 2 errors, 1 warning
    Error: Peak virtual memory: 1231 megabytes
    Error: Processing ended: Sat Apr  8 01:04:16 2017
    Error: Elapsed time: 00:00:20
    Error: Total CPU time (on all processors): 00:00:28


