------------------------------------------------------------
TimeQuest Timing Analyzer Summary
------------------------------------------------------------

Type  : Slow 1100mV 85C Model Setup 'clock'
Slack : -4.221
TNS   : -888.782

Type  : Slow 1100mV 85C Model Setup 'reset'
Slack : -4.186
TNS   : -60.538

Type  : Slow 1100mV 85C Model Hold 'clock'
Slack : 0.384
TNS   : 0.000

Type  : Slow 1100mV 85C Model Hold 'reset'
Slack : 1.684
TNS   : 0.000

Type  : Slow 1100mV 85C Model Recovery 'clock'
Slack : -3.322
TNS   : -319.309

Type  : Slow 1100mV 85C Model Removal 'clock'
Slack : 0.859
TNS   : 0.000

Type  : Slow 1100mV 85C Model Minimum Pulse Width 'clock'
Slack : -0.724
TNS   : -341.578

Type  : Slow 1100mV 85C Model Minimum Pulse Width 'reset'
Slack : 0.292
TNS   : 0.000

Type  : Slow 1100mV 0C Model Setup 'reset'
Slack : -4.292
TNS   : -63.121

Type  : Slow 1100mV 0C Model Setup 'clock'
Slack : -4.285
TNS   : -863.090

Type  : Slow 1100mV 0C Model Hold 'clock'
Slack : 0.154
TNS   : 0.000

Type  : Slow 1100mV 0C Model Hold 'reset'
Slack : 1.612
TNS   : 0.000

Type  : Slow 1100mV 0C Model Recovery 'clock'
Slack : -3.149
TNS   : -299.366

Type  : Slow 1100mV 0C Model Removal 'clock'
Slack : 0.449
TNS   : 0.000

Type  : Slow 1100mV 0C Model Minimum Pulse Width 'clock'
Slack : -0.724
TNS   : -342.042

Type  : Slow 1100mV 0C Model Minimum Pulse Width 'reset'
Slack : 0.237
TNS   : 0.000

Type  : Fast 1100mV 85C Model Setup 'clock'
Slack : -1.672
TNS   : -252.604

Type  : Fast 1100mV 85C Model Setup 'reset'
Slack : -1.296
TNS   : -16.289

Type  : Fast 1100mV 85C Model Hold 'clock'
Slack : 0.162
TNS   : 0.000

Type  : Fast 1100mV 85C Model Hold 'reset'
Slack : 0.519
TNS   : 0.000

Type  : Fast 1100mV 85C Model Recovery 'clock'
Slack : -1.335
TNS   : -123.550

Type  : Fast 1100mV 85C Model Removal 'clock'
Slack : 0.233
TNS   : 0.000

Type  : Fast 1100mV 85C Model Minimum Pulse Width 'reset'
Slack : -0.139
TNS   : -2.595

Type  : Fast 1100mV 85C Model Minimum Pulse Width 'clock'
Slack : -0.090
TNS   : -25.442

Type  : Fast 1100mV 0C Model Setup 'clock'
Slack : -1.473
TNS   : -210.268

Type  : Fast 1100mV 0C Model Setup 'reset'
Slack : -1.126
TNS   : -14.168

Type  : Fast 1100mV 0C Model Hold 'clock'
Slack : 0.058
TNS   : 0.000

Type  : Fast 1100mV 0C Model Hold 'reset'
Slack : 0.494
TNS   : 0.000

Type  : Fast 1100mV 0C Model Recovery 'clock'
Slack : -1.123
TNS   : -104.477

Type  : Fast 1100mV 0C Model Removal 'clock'
Slack : 0.122
TNS   : 0.000

Type  : Fast 1100mV 0C Model Minimum Pulse Width 'reset'
Slack : -0.123
TNS   : -2.579

Type  : Fast 1100mV 0C Model Minimum Pulse Width 'clock'
Slack : -0.088
TNS   : -25.473

------------------------------------------------------------
